// Jest Snapshot v1, https://goo.gl/fbAQLP

exports[`Portfolio portfolio snapshot 1`] = `
<DocumentFragment>
  <div
    class="portfolio-container"
  />
</DocumentFragment>
`;
