// Jest Snapshot v1, https://goo.gl/fbAQLP

exports[`Experience experience snapshot 1`] = `
<DocumentFragment>
  <div
    class="experience-container"
  />
</DocumentFragment>
`;
